// Jest Snapshot v1, https://goo.gl/fbAQLP

exports[`TheDate Component ui renders as expected 1`] = `
<div>
  11/23/2019, 1:11:51 PM
</div>
`;
